// Jest Snapshot v1, https://goo.gl/fbAQLP

exports[`Prodcard should render correctly 1`] = `
<RNCSafeAreaProvider
  onInsetsChange={[Function]}
  style={
    [
      {
        "flex": 1,
      },
      undefined,
    ]
  }
>
  <View
    collapsable={false}
    pointerEvents="box-none"
    style={
      {
        "flex": 1,
      }
    }
  >
    <View
      style={
        [
          {
            "flex": 1,
          },
          undefined,
        ]
      }
    >
      <View
        collapsable={false}
        pointerEvents="box-none"
        style={
          {
            "flex": 1,
          }
        }
      >
        <View
          style={
            {
              "alignItems": "center",
              "flex": 1,
              "justifyContent": "center",
              "paddingHorizontal": 20,
            }
          }
        >
          <View
            style={
              {
                "flex": 1,
                "justifyContent": "center",
              }
            }
          >
            <Image
              source={
                {
                  "testUri": "../../../src/Assets/icons/Storegrab.png",
                }
              }
              style={
                {
                  "alignSelf": "center",
                  "height": 220,
                  "justifyContent": "center",
                  "width": 200,
                }
              }
            />
          </View>
          <View
            style={
              {
                "flex": 1,
                "padding": 20,
                "width": "100%",
              }
            }
          >
            <TextInput
              autoCapitalize="none"
              onChangeText={[Function]}
              placeholder="Email"
              style={
                {
                  "borderColor": "gray",
                  "borderRadius": 5,
                  "borderWidth": 1,
                  "height": 40,
                  "marginBottom": 10,
                  "paddingHorizontal": 10,
                  "width": "100%",
                }
              }
              value=""
            />
            <TextInput
              autoCapitalize="none"
              onChangeText={[Function]}
              placeholder="Username"
              style={
                {
                  "borderColor": "gray",
                  "borderRadius": 5,
                  "borderWidth": 1,
                  "height": 40,
                  "marginBottom": 10,
                  "paddingHorizontal": 10,
                  "width": "100%",
                }
              }
              value=""
            />
            <TextInput
              autoCapitalize="none"
              onChangeText={[Function]}
              placeholder="Password"
              secureTextEntry={true}
              style={
                {
                  "borderColor": "gray",
                  "borderRadius": 5,
                  "borderWidth": 1,
                  "height": 40,
                  "marginBottom": 10,
                  "paddingHorizontal": 10,
                  "width": "100%",
                }
              }
              value=""
            />
            <View
              accessibilityValue={
                {
                  "max": undefined,
                  "min": undefined,
                  "now": undefined,
                  "text": undefined,
                }
              }
              accessible={true}
              focusable={true}
              onClick={[Function]}
              onResponderGrant={[Function]}
              onResponderMove={[Function]}
              onResponderRelease={[Function]}
              onResponderTerminate={[Function]}
              onResponderTerminationRequest={[Function]}
              onStartShouldSetResponder={[Function]}
              style={
                {
                  "backgroundColor": "#4CAF50",
                  "borderColor": "#fff",
                  "borderRadius": 10,
                  "borderWidth": 1,
                  "marginLeft": 50,
                  "marginRight": 50,
                  "marginTop": 20,
                  "paddingBottom": 15,
                  "paddingTop": 15,
                }
              }
            >
              <Text
                style={
                  [
                    {
                      "fontSize": 15,
                    },
                    {
                      "color": "#fff",
                      "fontSize": 16,
                      "textAlign": "center",
                    },
                  ]
                }
              >
                Register
              </Text>
            </View>
          </View>
        </View>
      </View>
    </View>
  </View>
</RNCSafeAreaProvider>
`;
