// Jest Snapshot v1, https://goo.gl/fbAQLP

exports[`VendorSubscriptionPage should render correctly 1`] = `
<View
  style={
    {
      "alignItems": "center",
      "flex": 1,
      "justifyContent": "center",
      "padding": 20,
    }
  }
>
  <Text
    style={
      {
        "fontSize": 24,
        "fontWeight": "bold",
        "marginBottom": 20,
      }
    }
  >
    Subscription Details
  </Text>
  <View
    style={
      {
        "alignItems": "center",
        "flexDirection": "row",
        "marginBottom": 10,
      }
    }
  >
    <Text
      style={
        {
          "fontWeight": "bold",
          "marginRight": 10,
        }
      }
    >
      Current Plan:
    </Text>
    <Text
      style={
        {
          "fontSize": 16,
        }
      }
    >
      Vendor Plan
    </Text>
  </View>
  <View
    style={
      {
        "alignItems": "center",
        "flexDirection": "row",
        "marginBottom": 10,
      }
    }
  >
    <Text
      style={
        {
          "fontWeight": "bold",
          "marginRight": 10,
        }
      }
    >
      Cost Per Month:
    </Text>
    <Text
      style={
        {
          "fontSize": 16,
        }
      }
    >
      $
      49.99
    </Text>
  </View>
  <View
    style={
      {
        "alignItems": "center",
        "flexDirection": "row",
        "marginBottom": 10,
      }
    }
  >
    <Text
      style={
        {
          "fontWeight": "bold",
          "marginRight": 10,
        }
      }
    >
      Total Cost:
    </Text>
    <Text
      style={
        {
          "fontSize": 16,
        }
      }
    >
      $
      49.99
    </Text>
  </View>
  <View
    style={
      {
        "flexDirection": "row",
        "justifyContent": "center",
        "marginTop": 20,
      }
    }
  >
    <Text
      style={
        {
          "color": "#000",
          "fontSize": 16,
          "fontWeight": "bold",
          "marginLeft": 5,
        }
      }
    >
      To Cancel Subscription, Contact Group 3
    </Text>
  </View>
</View>
`;
