// Jest Snapshot v1, https://goo.gl/fbAQLP

exports[`LoginContainer should render correctly 1`] = `
<RNCSafeAreaProvider
  onInsetsChange={[Function]}
  style={
    [
      {
        "flex": 1,
      },
      undefined,
    ]
  }
>
  <View
    collapsable={false}
    pointerEvents="box-none"
    style={
      {
        "flex": 1,
      }
    }
  >
    <View
      style={
        [
          {
            "flex": 1,
          },
          undefined,
        ]
      }
    >
      <View
        collapsable={false}
        pointerEvents="box-none"
        style={
          {
            "flex": 1,
          }
        }
      >
        <View
          style={
            {
              "alignItems": "center",
              "flex": 1,
              "justifyContent": "center",
              "paddingHorizontal": 20,
            }
          }
        >
          <View
            style={
              {
                "flex": 1,
                "justifyContent": "center",
              }
            }
          >
            <Image
              source={
                {
                  "testUri": "../../../src/Assets/icons/bearcat_plaw.png",
                }
              }
              style={
                {
                  "alignSelf": "center",
                  "height": 220,
                  "justifyContent": "center",
                  "width": 200,
                }
              }
            />
          </View>
          <View
            style={
              {
                "flex": 1,
                "padding": 20,
                "width": "100%",
              }
            }
          >
            <TextInput
              autoCapitalize="none"
              onChangeText={[Function]}
              placeholder="Email"
              style={
                {
                  "borderColor": "gray",
                  "borderRadius": 5,
                  "borderWidth": 1,
                  "height": 40,
                  "marginBottom": 10,
                  "paddingHorizontal": 10,
                  "width": "100%",
                }
              }
              testID="email-input"
              value=""
            />
            <TextInput
              autoCapitalize="none"
              onChangeText={[Function]}
              placeholder="Password"
              secureTextEntry={true}
              style={
                {
                  "borderColor": "gray",
                  "borderRadius": 5,
                  "borderWidth": 1,
                  "height": 40,
                  "marginBottom": 10,
                  "paddingHorizontal": 10,
                  "width": "100%",
                }
              }
              testID="password-input"
              value=""
            />
            <View
              accessibilityValue={
                {
                  "max": undefined,
                  "min": undefined,
                  "now": undefined,
                  "text": undefined,
                }
              }
              accessible={true}
              focusable={true}
              onClick={[Function]}
              onResponderGrant={[Function]}
              onResponderMove={[Function]}
              onResponderRelease={[Function]}
              onResponderTerminate={[Function]}
              onResponderTerminationRequest={[Function]}
              onStartShouldSetResponder={[Function]}
              style={
                {
                  "backgroundColor": "#68a0cf",
                  "borderColor": "#fff",
                  "borderRadius": 10,
                  "borderWidth": 1,
                  "marginLeft": 50,
                  "marginRight": 50,
                  "marginTop": 20,
                  "paddingBottom": 15,
                  "paddingTop": 15,
                }
              }
              testID="login-button"
            >
              <Text
                style={
                  [
                    {
                      "fontSize": 15,
                    },
                    {
                      "color": "#fff",
                      "fontSize": 16,
                      "textAlign": "center",
                    },
                  ]
                }
              >
                Login
              </Text>
            </View>
            <View
              accessibilityRole="button"
              accessibilityState={
                {
                  "busy": undefined,
                  "checked": undefined,
                  "disabled": undefined,
                  "expanded": undefined,
                  "selected": undefined,
                }
              }
              accessibilityValue={
                {
                  "max": undefined,
                  "min": undefined,
                  "now": undefined,
                  "text": undefined,
                }
              }
              accessible={true}
              collapsable={false}
              focusable={true}
              onClick={[Function]}
              onResponderGrant={[Function]}
              onResponderMove={[Function]}
              onResponderRelease={[Function]}
              onResponderTerminate={[Function]}
              onResponderTerminationRequest={[Function]}
              onStartShouldSetResponder={[Function]}
              style={
                {
                  "opacity": 1,
                }
              }
            >
              <View
                style={
                  [
                    {},
                  ]
                }
              >
                <Text
                  style={
                    [
                      {
                        "color": "#007AFF",
                        "fontSize": 18,
                        "margin": 8,
                        "textAlign": "center",
                      },
                    ]
                  }
                >
                  Reset Password
                </Text>
              </View>
            </View>
          </View>
        </View>
      </View>
    </View>
  </View>
</RNCSafeAreaProvider>
`;
