// Jest Snapshot v1, https://goo.gl/fbAQLP

exports[`HomeContainer should render correctly 1`] = `
<RNCSafeAreaProvider
  onInsetsChange={[Function]}
  style={
    [
      {
        "flex": 1,
      },
      undefined,
    ]
  }
>
  <View
    collapsable={false}
    pointerEvents="box-none"
    style={
      {
        "flex": 1,
      }
    }
  >
    <View
      style={
        [
          {
            "flex": 1,
          },
          undefined,
        ]
      }
    >
      <View
        collapsable={false}
        pointerEvents="box-none"
        style={
          {
            "flex": 1,
          }
        }
      >
        <View
          style={
            {
              "backgroundColor": "#fff",
              "flex": 1,
            }
          }
          testID="home-container-testid"
        />
      </View>
    </View>
  </View>
</RNCSafeAreaProvider>
`;
